
'ProjectFirma.Web.Controllers.FileResourceController/CkEditorUploadFileResourceForTaxonomyTierOne' is in area [LTInfo], but uses feature 'ProjectFirma.Web.Security.TaxonomyTierOneManageFeature' from [EIP]
'ProjectFirma.Web.Controllers.FileResourceController/CkEditorUploadFileResourceForTaxonomyTierOne' is in area [LTInfo], but uses feature 'ProjectFirma.Web.Security.TaxonomyTierOneManageFeature' from [EIP]
'ProjectFirma.Web.Controllers.FileResourceController/CkEditorUploadFileResourceForTaxonomyTierThree' is in area [LTInfo], but uses feature 'ProjectFirma.Web.Security.TaxonomyTierThreeManageFeature' from [EIP]
'ProjectFirma.Web.Controllers.FileResourceController/CkEditorUploadFileResourceForTaxonomyTierThree' is in area [LTInfo], but uses feature 'ProjectFirma.Web.Security.TaxonomyTierThreeManageFeature' from [EIP]
'ProjectFirma.Web.Controllers.FileResourceController/CkEditorUploadFileResourceForTaxonomyTierTwo' is in area [LTInfo], but uses feature 'ProjectFirma.Web.Security.TaxonomyTierTwoManageFeature' from [EIP]
'ProjectFirma.Web.Controllers.FileResourceController/CkEditorUploadFileResourceForTaxonomyTierTwo' is in area [LTInfo], but uses feature 'ProjectFirma.Web.Security.TaxonomyTierTwoManageFeature' from [EIP]
'ProjectFirma.Web.Controllers.FileResourceController/CkEditorUploadFileResourceForClassification' is in area [LTInfo], but uses feature 'ProjectFirma.Web.Areas.Threshold.Security.ThresholdPerformanceMeasureManageFeature' from [Threshold]
'ProjectFirma.Web.Controllers.FileResourceController/CkEditorUploadFileResourceForClassification' is in area [LTInfo], but uses feature 'ProjectFirma.Web.Areas.Threshold.Security.ThresholdPerformanceMeasureManageFeature' from [Threshold]
'ProjectFirma.Web.Controllers.FileResourceController/CkEditorUploadFileResourceForObjective' is in area [LTInfo], but uses feature 'ProjectFirma.Web.Security.ObjectiveManageFeature' from [EIP]
'ProjectFirma.Web.Controllers.FileResourceController/CkEditorUploadFileResourceForObjective' is in area [LTInfo], but uses feature 'ProjectFirma.Web.Security.ObjectiveManageFeature' from [EIP]
'ProjectFirma.Web.Controllers.FileResourceController/CkEditorUploadFileResourceForStrategy' is in area [LTInfo], but uses feature 'ProjectFirma.Web.Security.StrategyManageFeature' from [EIP]
'ProjectFirma.Web.Controllers.FileResourceController/CkEditorUploadFileResourceForStrategy' is in area [LTInfo], but uses feature 'ProjectFirma.Web.Security.StrategyManageFeature' from [EIP]
'ProjectFirma.Web.Controllers.LeadAgencyRightOfWayCoverageController/DeleteLeadAgencyRightOfWayCoverage' is in area [LTInfo], but uses feature 'ProjectFirma.Web.Areas.ParcelTracker.Security.LeadAgencyManageFeature' from [ParcelTracker]
'ProjectFirma.Web.Controllers.LeadAgencyRightOfWayCoverageController/DeleteLeadAgencyRightOfWayCoverage' is in area [LTInfo], but uses feature 'ProjectFirma.Web.Areas.ParcelTracker.Security.LeadAgencyManageFeature' from [ParcelTracker]
'ProjectFirma.Web.Controllers.LeadAgencyRightOfWayCoverageController/Edit' is in area [LTInfo], but uses feature 'ProjectFirma.Web.Areas.ParcelTracker.Security.LeadAgencyManageFeature' from [ParcelTracker]
'ProjectFirma.Web.Controllers.LeadAgencyRightOfWayCoverageController/Edit' is in area [LTInfo], but uses feature 'ProjectFirma.Web.Areas.ParcelTracker.Security.LeadAgencyManageFeature' from [ParcelTracker]
'ProjectFirma.Web.Controllers.LeadAgencyRightOfWayCoverageController/New' is in area [LTInfo], but uses feature 'ProjectFirma.Web.Areas.ParcelTracker.Security.LeadAgencyManageFeature' from [ParcelTracker]
'ProjectFirma.Web.Controllers.LeadAgencyRightOfWayCoverageController/New' is in area [LTInfo], but uses feature 'ProjectFirma.Web.Areas.ParcelTracker.Security.LeadAgencyManageFeature' from [ParcelTracker]
'ProjectFirma.Web.Controllers.OrganizationController/LeadAgencyTransactionTypeCommodityLogGridJsonData' is in area [LTInfo], but uses feature 'ProjectFirma.Web.Areas.ParcelTracker.Security.LeadAgencyTransactionTypeCommodityViewFeature' from [ParcelTracker]