
'ProjectFirma.Web.Controllers.FileResourceController/CkEditorUploadFileResourceForActionPriority' is in area [LTInfo], but uses feature 'ProjectFirma.Web.Security.ActionPriorityManageFeature' from [EIP]
'ProjectFirma.Web.Controllers.FileResourceController/CkEditorUploadFileResourceForActionPriority' is in area [LTInfo], but uses feature 'ProjectFirma.Web.Security.ActionPriorityManageFeature' from [EIP]
'ProjectFirma.Web.Controllers.FileResourceController/CkEditorUploadFileResourceForFocusArea' is in area [LTInfo], but uses feature 'ProjectFirma.Web.Security.FocusAreaManageFeature' from [EIP]
'ProjectFirma.Web.Controllers.FileResourceController/CkEditorUploadFileResourceForFocusArea' is in area [LTInfo], but uses feature 'ProjectFirma.Web.Security.FocusAreaManageFeature' from [EIP]
'ProjectFirma.Web.Controllers.FileResourceController/CkEditorUploadFileResourceForProgram' is in area [LTInfo], but uses feature 'ProjectFirma.Web.Security.ProgramManageFeature' from [EIP]
'ProjectFirma.Web.Controllers.FileResourceController/CkEditorUploadFileResourceForProgram' is in area [LTInfo], but uses feature 'ProjectFirma.Web.Security.ProgramManageFeature' from [EIP]
'ProjectFirma.Web.Controllers.FileResourceController/CkEditorUploadFileResourceForThresholdCategory' is in area [LTInfo], but uses feature 'ProjectFirma.Web.Areas.Threshold.Security.ThresholdIndicatorManageFeature' from [Threshold]
'ProjectFirma.Web.Controllers.FileResourceController/CkEditorUploadFileResourceForThresholdCategory' is in area [LTInfo], but uses feature 'ProjectFirma.Web.Areas.Threshold.Security.ThresholdIndicatorManageFeature' from [Threshold]
'ProjectFirma.Web.Controllers.FileResourceController/CkEditorUploadFileResourceForTransportationObjective' is in area [LTInfo], but uses feature 'ProjectFirma.Web.Security.TransportationObjectiveManageFeature' from [EIP]
'ProjectFirma.Web.Controllers.FileResourceController/CkEditorUploadFileResourceForTransportationObjective' is in area [LTInfo], but uses feature 'ProjectFirma.Web.Security.TransportationObjectiveManageFeature' from [EIP]
'ProjectFirma.Web.Controllers.FileResourceController/CkEditorUploadFileResourceForTransportationStrategy' is in area [LTInfo], but uses feature 'ProjectFirma.Web.Security.TransportationStrategyManageFeature' from [EIP]
'ProjectFirma.Web.Controllers.FileResourceController/CkEditorUploadFileResourceForTransportationStrategy' is in area [LTInfo], but uses feature 'ProjectFirma.Web.Security.TransportationStrategyManageFeature' from [EIP]
'ProjectFirma.Web.Controllers.LeadAgencyRightOfWayCoverageController/DeleteLeadAgencyRightOfWayCoverage' is in area [LTInfo], but uses feature 'ProjectFirma.Web.Areas.ParcelTracker.Security.LeadAgencyManageFeature' from [ParcelTracker]
'ProjectFirma.Web.Controllers.LeadAgencyRightOfWayCoverageController/DeleteLeadAgencyRightOfWayCoverage' is in area [LTInfo], but uses feature 'ProjectFirma.Web.Areas.ParcelTracker.Security.LeadAgencyManageFeature' from [ParcelTracker]
'ProjectFirma.Web.Controllers.LeadAgencyRightOfWayCoverageController/Edit' is in area [LTInfo], but uses feature 'ProjectFirma.Web.Areas.ParcelTracker.Security.LeadAgencyManageFeature' from [ParcelTracker]
'ProjectFirma.Web.Controllers.LeadAgencyRightOfWayCoverageController/Edit' is in area [LTInfo], but uses feature 'ProjectFirma.Web.Areas.ParcelTracker.Security.LeadAgencyManageFeature' from [ParcelTracker]
'ProjectFirma.Web.Controllers.LeadAgencyRightOfWayCoverageController/New' is in area [LTInfo], but uses feature 'ProjectFirma.Web.Areas.ParcelTracker.Security.LeadAgencyManageFeature' from [ParcelTracker]
'ProjectFirma.Web.Controllers.LeadAgencyRightOfWayCoverageController/New' is in area [LTInfo], but uses feature 'ProjectFirma.Web.Areas.ParcelTracker.Security.LeadAgencyManageFeature' from [ParcelTracker]
'ProjectFirma.Web.Controllers.OrganizationController/LeadAgencyTransactionTypeCommodityLogGridJsonData' is in area [LTInfo], but uses feature 'ProjectFirma.Web.Areas.ParcelTracker.Security.LeadAgencyTransactionTypeCommodityViewFeature' from [ParcelTracker]