[
  {
    "FundingSourceName": "Funding Source 1 ()",
    "CalendarYearExpenditure": {
      "2010": 1000.0,
      "2011": 2000.0,
      "2012": 0.0,
      "2013": 0.0,
      "2014": 0.0
    }
  },
  {
    "FundingSourceName": "Funding Source 2 ()",
    "CalendarYearExpenditure": {
      "2010": 0.0,
      "2011": 0.0,
      "2012": 3000.0,
      "2013": 0.0,
      "2014": 0.0
    }
  },
  {
    "FundingSourceName": "Funding Source 3 ()",
    "CalendarYearExpenditure": {
      "2010": 0.0,
      "2011": 0.0,
      "2012": 0.0,
      "2013": 0.0,
      "2014": 4000.0
    }
  },
  {
    "FundingSourceName": "Funding Source 4 ()",
    "CalendarYearExpenditure": {
      "2010": 0.0,
      "2011": 0.0,
      "2012": 5000.0,
      "2013": 0.0,
      "2014": 0.0
    }
  }
]