[
  {
    "GrantAllocationName": "Grant Allocation 1",
    "CalendarYearExpenditure": {
      "2010": 1000.0,
      "2011": 2000.0,
      "2012": 0.0,
      "2013": 0.0,
      "2014": 0.0
    }
  },
  {
    "GrantAllocationName": "Grant Allocation 2",
    "CalendarYearExpenditure": {
      "2010": 0.0,
      "2011": 0.0,
      "2012": 3000.0,
      "2013": 0.0,
      "2014": 0.0
    }
  },
  {
    "GrantAllocationName": "Grant Allocation 3",
    "CalendarYearExpenditure": {
      "2010": 0.0,
      "2011": 0.0,
      "2012": 0.0,
      "2013": 0.0,
      "2014": 4000.0
    }
  },
  {
    "GrantAllocationName": "Grant Allocation 4",
    "CalendarYearExpenditure": {
      "2010": 0.0,
      "2011": 0.0,
      "2012": 5000.0,
      "2013": 0.0,
      "2014": 0.0
    }
  }
]