TableName	ColumnName	ParentTableName	ChildTableName	ConstraintName	ParentColumnName	ChildColumnName
AggregatedCounter	Id					
AuditLog	ProjectID					
AuditLog	RecordID					
Counter	Id					
Hash	Id					
Job	Id					
Job	StateId					
JobParameter	Id					
JobQueue	Id					
JobQueue	JobId					
List	Id					
Server	Id					
Set	Id					
State	Id					
tmp2015-19_grant_payments_singlesheet	PERSON_DOP_ID					
tmpAgreementContact	AgreementContactID					
tmpTreatmentsFromArcGis	GlobalID					
tmpTreatmentsFromArcGis	TRT_LOCAL_ID					
tmpTreatmentsFromArcGis	UNIT_ID					