TABLE_CATALOG	TABLE_SCHEMA	TABLE_NAME	TABLE_TYPE	CONSTRAINT_CATALOG	CONSTRAINT_SCHEMA	CONSTRAINT_NAME	TABLE_CATALOG1	TABLE_SCHEMA1	TABLE_NAME1	CONSTRAINT_TYPE	IS_DEFERRABLE	INITIALLY_DEFERRED
WADNRForestHealthDB	dbo	tmp2015-19_grant_payments_singlesheet	BASE TABLE									
WADNRForestHealthDB	dbo	tmpProgramIndex	BASE TABLE									
WADNRForestHealthDB	dbo	tmpProjectCode	BASE TABLE									
WADNRForestHealthDB	dbo	tmpTreatmentsFromArcGis	BASE TABLE									