{
  "cols": [
    {
      "id": "Reporting Period",
      "label": "Reporting Period",
      "type": "string"
    },
    {
      "id": "Number of Widgets",
      "label": "Number of Widgets",
      "type": "number"
    }
  ],
  "rows": [
    {
      "c": [
        {
          "v": "2000"
        },
        {
          "v": 10.0,
          "f": "10"
        }
      ]
    },
    {
      "c": [
        {
          "v": "2001"
        },
        {
          "v": 11.0,
          "f": "11"
        }
      ]
    },
    {
      "c": [
        {
          "v": "2002"
        },
        {
          "v": 9.0,
          "f": "9"
        }
      ]
    }
  ]
}