{
  "ProjectLocationFilterType": {
    "ProjectLocationFilterTypeID": 1,
    "ProjectLocationFilterTypeName": "FocusArea",
    "ProjectLocationFilterTypeNameWithIdentifier": "FocusAreaID",
    "ProjectLocationFilterTypeDisplayName": "Focus Area",
    "SortOrder": 10,
    "DisplayGroup": 1,
    "PrimaryKey": 1,
    "ToEnum": 1
  },
  "ProjectColorByType": {
    "ProjectColorByTypeID": 2,
    "ProjectColorByTypeName": "ProjectStage",
    "ProjectColorByTypeNameWithIdentifier": "ProjectStageID",
    "ProjectColorByTypeDisplayName": "Stage",
    "SortOrder": 20,
    "PrimaryKey": 2,
    "ToEnum": 2
  },
  "FilterPropertyValues": [
    2,
    3,
    4
  ],
  "FilterPropertyName": "FocusAreaID",
  "ColorByPropertyName": "ProjectStageID"
}